main.c:78:5:main	24	static,ignoring_inline_asm
main.c:266:6:SystemClock_Config	248	static
main.c:323:13:MX_LPUART1_UART_Init	8	static
main.c:371:13:MX_USART3_UART_Init	8	static
main.c:419:13:MX_TIM1_Init	40	static
main.c:466:13:MX_TIM2_Init	40	static
main.c:511:13:MX_GPIO_Init	56	static
main.c:570:6:delay_10_nsec	16	static
main.c:576:13:stopwatch_reset	4	static
main.c:585:17:stopwatch_getticks	4	static
main.c:590:13:stopwatch_delay	24	static
main.c:600:6:delay	16	static
main.c:612:6:Error_Handler	4	static,ignoring_inline_asm
