main.c:78:5:main	24	static,ignoring_inline_asm
main.c:264:6:SystemClock_Config	248	static
main.c:321:13:MX_LPUART1_UART_Init	8	static
main.c:369:13:MX_USART3_UART_Init	8	static
main.c:417:13:MX_TIM1_Init	40	static
main.c:464:13:MX_TIM2_Init	40	static
main.c:509:13:MX_GPIO_Init	56	static
main.c:567:6:delay_10_nsec	16	static
main.c:573:13:stopwatch_reset	4	static
main.c:582:17:stopwatch_getticks	4	static
main.c:587:13:stopwatch_delay	24	static
main.c:597:6:delay	16	static
main.c:609:6:Error_Handler	4	static,ignoring_inline_asm
